
> nextn@0.1.0 build
> remix vite:build

[33mThe CJS build of Vite's Node API is deprecated. See https://vite.dev/guide/troubleshooting.html#vite-cjs-node-api-deprecated for more details.[39m
[warn] Route discovery/manifest behavior is changing in React Router v7
┃ You can use the `v3_lazyRouteDiscovery` future flag to opt-in early.
┃ -> https://remix.run/docs/en/2.13.1/start/future-flags#v3_lazyRouteDiscovery
┗
[warn] Relative routing behavior for splat routes is changing in React Router v7
┃ You can use the `v3_relativeSplatPath` future flag to opt-in early.
┃ -> https://remix.run/docs/en/2.13.1/start/future-flags#v3_relativeSplatPath
┗
[warn] Data fetching is changing to a single fetch in React Router v7
┃ You can use the `v3_singleFetch` future flag to opt-in early.
┃ -> https://remix.run/docs/en/2.13.1/start/future-flags#v3_singleFetch
┗
vite v5.4.21 building for production...
transforming...
src/components/ui/tabs.tsx (1:0): Error when using sourcemap for reporting an error: Can't resolve original location of error.
src/components/ui/label.tsx (1:0): Error when using sourcemap for reporting an error: Can't resolve original location of error.
src/components/layout/Navbar.tsx (1:0): Error when using sourcemap for reporting an error: Can't resolve original location of error.
src/components/layout/Logo.tsx (1:0): Error when using sourcemap for reporting an error: Can't resolve original location of error.
src/hooks/use-toast.ts (1:0): Error when using sourcemap for reporting an error: Can't resolve original location of error.
src/components/ui/dialog.tsx (1:0): Error when using sourcemap for reporting an error: Can't resolve original location of error.
src/components/agents/AgentChat.tsx (1:0): Error when using sourcemap for reporting an error: Can't resolve original location of error.
src/components/ui/scroll-area.tsx (1:0): Error when using sourcemap for reporting an error: Can't resolve original location of error.
src/components/layout/ThemeProvider.tsx (1:0): Error when using sourcemap for reporting an error: Can't resolve original location of error.
src/components/ui/toaster.tsx (1:0): Error when using sourcemap for reporting an error: Can't resolve original location of error.
src/components/dashboard/AgentCard.tsx (1:0): Error when using sourcemap for reporting an error: Can't resolve original location of error.
src/components/ui/avatar.tsx (1:0): Error when using sourcemap for reporting an error: Can't resolve original location of error.
src/components/layout/PortalMenu.tsx (1:0): Error when using sourcemap for reporting an error: Can't resolve original location of error.
src/components/ui/alert-dialog.tsx (1:0): Error when using sourcemap for reporting an error: Can't resolve original location of error.
src/components/ui/toast.tsx (1:0): Error when using sourcemap for reporting an error: Can't resolve original location of error.
src/components/agents/AgentChat/SystemPromptSection.tsx (1:0): Error when using sourcemap for reporting an error: Can't resolve original location of error.
src/components/agents/AgentChat/IdentitySection.tsx (1:0): Error when using sourcemap for reporting an error: Can't resolve original location of error.
src/components/agents/AgentChat/IntegrationSection.tsx (1:0): Error when using sourcemap for reporting an error: Can't resolve original location of error.
src/components/ui/dropdown-menu.tsx (1:0): Error when using sourcemap for reporting an error: Can't resolve original location of error.
src/components/ui/select.tsx (1:0): Error when using sourcemap for reporting an error: Can't resolve original location of error.
✓ 1824 modules transformed.
x Build failed in 5.09s
[vite]: Rollup failed to resolve import "@/app/actions/bitrix-actions" from "/home/fordez/workflowteams/aibot24-dashboard/src/components/agents/AgentChat.tsx".
This is most likely unintended because it can break your application at runtime.
If you do want to externalize this module explicitly add it to
`build.rollupOptions.external`
    at viteWarn (file:///home/fordez/workflowteams/aibot24-dashboard/node_modules/vite/dist/node/chunks/dep-BK3b2jBa.js:65855:17)
    at onwarn (/home/fordez/workflowteams/aibot24-dashboard/node_modules/@remix-run/dev/dist/vite/plugin.js:630:13)
    at onRollupWarning (file:///home/fordez/workflowteams/aibot24-dashboard/node_modules/vite/dist/node/chunks/dep-BK3b2jBa.js:65885:5)
    at onwarn (file:///home/fordez/workflowteams/aibot24-dashboard/node_modules/vite/dist/node/chunks/dep-BK3b2jBa.js:65550:7)
    at file:///home/fordez/workflowteams/aibot24-dashboard/node_modules/rollup/dist/es/shared/node-entry.js:20995:13
    at Object.logger [as onLog] (file:///home/fordez/workflowteams/aibot24-dashboard/node_modules/rollup/dist/es/shared/node-entry.js:22968:9)
    at ModuleLoader.handleInvalidResolvedId (file:///home/fordez/workflowteams/aibot24-dashboard/node_modules/rollup/dist/es/shared/node-entry.js:21712:26)
    at file:///home/fordez/workflowteams/aibot24-dashboard/node_modules/rollup/dist/es/shared/node-entry.js:21670:26 {
  watchFiles: [
    '/home/fordez/workflowteams/aibot24-dashboard/app/entry.client.tsx',
    '/home/fordez/workflowteams/aibot24-dashboard/app/routes/api.installations.$domain.ts',
    '/home/fordez/workflowteams/aibot24-dashboard/app/root.tsx',
    '/home/fordez/workflowteams/aibot24-dashboard/app/routes/api.config.$tenantId.ts',
    '/home/fordez/workflowteams/aibot24-dashboard/app/routes/api.members.$domain.ts',
    '/home/fordez/workflowteams/aibot24-dashboard/app/routes/api.metrics.events.ts',
    '/home/fordez/workflowteams/aibot24-dashboard/app/routes/api.agents.deploy.ts',
    '/home/fordez/workflowteams/aibot24-dashboard/app/routes/api.bitrix.users.ts',
    '/home/fordez/workflowteams/aibot24-dashboard/app/routes/dashboard._index.tsx',
    '/home/fordez/workflowteams/aibot24-dashboard/app/routes/api.agents.$id.ts',
    '/home/fordez/workflowteams/aibot24-dashboard/app/routes/api.install.tsx',
    '/home/fordez/workflowteams/aibot24-dashboard/app/routes/agents.$id.tsx',
    '/home/fordez/workflowteams/aibot24-dashboard/app/routes/agents.new.tsx',
    '/home/fordez/workflowteams/aibot24-dashboard/app/routes/api.agents.ts',
    '/home/fordez/workflowteams/aibot24-dashboard/app/routes/dashboard.tsx',
    '/home/fordez/workflowteams/aibot24-dashboard/app/routes/settings.tsx',
    '/home/fordez/workflowteams/aibot24-dashboard/app/routes/install.tsx',
    '/home/fordez/workflowteams/aibot24-dashboard/app/routes/_index.tsx',
    '/home/fordez/workflowteams/aibot24-dashboard/app/routes/help.tsx',
    '/home/fordez/workflowteams/aibot24-dashboard/package.json',
    '/home/fordez/workflowteams/aibot24-dashboard/node_modules/react/jsx-runtime.js',
    '/home/fordez/workflowteams/aibot24-dashboard/node_modules/@remix-run/react/dist/esm/index.js',
    '/home/fordez/workflowteams/aibot24-dashboard/node_modules/react/index.js',
    '/home/fordez/workflowteams/aibot24-dashboard/node_modules/react-dom/client.js',
    '/home/fordez/workflowteams/aibot24-dashboard/node_modules/@remix-run/react/dist/esm/browser.js',
    '/home/fordez/workflowteams/aibot24-dashboard/node_modules/@remix-run/react/dist/esm/components.js',
    '/home/fordez/workflowteams/aibot24-dashboard/node_modules/@remix-run/react/dist/esm/scroll-restoration.js',
    '/home/fordez/workflowteams/aibot24-dashboard/node_modules/@remix-run/react/dist/esm/server.js',
    '/home/fordez/workflowteams/aibot24-dashboard/node_modules/react-router-dom/dist/index.js',
    '/home/fordez/workflowteams/aibot24-dashboard/node_modules/@remix-run/server-runtime/dist/esm/index.js',
    '/home/fordez/workflowteams/aibot24-dashboard/node_modules/react/cjs/react.production.js',
    '/home/fordez/workflowteams/aibot24-dashboard/node_modules/react/cjs/react-jsx-runtime.production.js',
    '/home/fordez/workflowteams/aibot24-dashboard/node_modules/react-dom/cjs/react-dom-client.production.js',
    '/home/fordez/workflowteams/aibot24-dashboard/node_modules/@remix-run/react/dist/esm/markup.js',
    '/home/fordez/workflowteams/aibot24-dashboard/node_modules/@remix-run/react/dist/esm/_virtual/_rollupPluginBabelHelpers.js',
    '/home/fordez/workflowteams/aibot24-dashboard/node_modules/@remix-run/react/dist/esm/errorBoundaries.js',
    '/home/fordez/workflowteams/aibot24-dashboard/node_modules/@remix-run/react/dist/esm/routes.js',
    '/home/fordez/workflowteams/aibot24-dashboard/node_modules/@remix-run/react/dist/esm/single-fetch.js',
    '/home/fordez/workflowteams/aibot24-dashboard/node_modules/react-router-dom/server.mjs',
    '/home/fordez/workflowteams/aibot24-dashboard/node_modules/@remix-run/server-runtime/dist/esm/formData.js',
    '/home/fordez/workflowteams/aibot24-dashboard/node_modules/@remix-run/server-runtime/dist/esm/cookies.js',
    '/home/fordez/workflowteams/aibot24-dashboard/node_modules/@remix-run/server-runtime/dist/esm/responses.js',
    '/home/fordez/workflowteams/aibot24-dashboard/node_modules/@remix-run/server-runtime/dist/esm/single-fetch.js',
    '/home/fordez/workflowteams/aibot24-dashboard/node_modules/@remix-run/server-runtime/dist/esm/server.js',
    '/home/fordez/workflowteams/aibot24-dashboard/node_modules/@remix-run/server-runtime/dist/esm/sessions.js',
    '/home/fordez/workflowteams/aibot24-dashboard/node_modules/@remix-run/server-runtime/dist/esm/sessions/cookieStorage.js',
    '/home/fordez/workflowteams/aibot24-dashboard/node_modules/@remix-run/server-runtime/dist/esm/upload/memoryUploadHandler.js',
    '/home/fordez/workflowteams/aibot24-dashboard/node_modules/@remix-run/server-runtime/dist/esm/sessions/memoryStorage.js',
    '/home/fordez/workflowteams/aibot24-dashboard/node_modules/@remix-run/server-runtime/dist/esm/upload/errors.js',
    '/home/fordez/workflowteams/aibot24-dashboard/node_modules/@remix-run/server-runtime/dist/esm/dev.js',
    '/home/fordez/workflowteams/aibot24-dashboard/node_modules/scheduler/index.js',
    '/home/fordez/workflowteams/aibot24-dashboard/node_modules/react-dom/index.js',
    '/home/fordez/workflowteams/aibot24-dashboard/node_modules/@remix-run/react/dist/esm/errors.js',
    '/home/fordez/workflowteams/aibot24-dashboard/node_modules/@remix-run/react/dist/esm/invariant.js',
    '/home/fordez/workflowteams/aibot24-dashboard/node_modules/@remix-run/react/dist/esm/fog-of-war.js',
    '/home/fordez/workflowteams/aibot24-dashboard/node_modules/@remix-run/router/dist/router.js',
    '/home/fordez/workflowteams/aibot24-dashboard/node_modules/react-router/dist/index.js',
    '/home/fordez/workflowteams/aibot24-dashboard/node_modules/@remix-run/react/dist/esm/links.js',
    '/home/fordez/workflowteams/aibot24-dashboard/src/components/layout/Navbar.tsx',
    '/home/fordez/workflowteams/aibot24-dashboard/src/components/ui/card.tsx',
    '/home/fordez/workflowteams/aibot24-dashboard/node_modules/lucide-react/dist/esm/lucide-react.js',
    '/home/fordez/workflowteams/aibot24-dashboard/src/components/layout/Logo.tsx',
    '/home/fordez/workflowteams/aibot24-dashboard/src/lib/store.ts',
    '/home/fordez/workflowteams/aibot24-dashboard/src/components/ui/button.tsx',
    '/home/fordez/workflowteams/aibot24-dashboard/node_modules/next-themes/dist/index.mjs',
    '/home/fordez/workflowteams/aibot24-dashboard/src/lib/utils.ts',
    '/home/fordez/workflowteams/aibot24-dashboard/src/lib/translations.ts',
    '/home/fordez/workflowteams/aibot24-dashboard/src/components/ui/tabs.tsx',
    '/home/fordez/workflowteams/aibot24-dashboard/src/components/ui/label.tsx',
    '/home/fordez/workflowteams/aibot24-dashboard/src/components/ui/input.tsx',
    '/home/fordez/workflowteams/aibot24-dashboard/src/components/dashboard/AgentCard.tsx',
    '/home/fordez/workflowteams/aibot24-dashboard/src/components/agents/AgentChat.tsx',
    '/home/fordez/workflowteams/aibot24-dashboard/src/hooks/use-toast.ts',
    '/home/fordez/workflowteams/aibot24-dashboard/src/components/ui/scroll-area.tsx',
    '/home/fordez/workflowteams/aibot24-dashboard/src/components/ui/dialog.tsx',
    '/home/fordez/workflowteams/aibot24-dashboard/app/globals.css',
    '/home/fordez/workflowteams/aibot24-dashboard/src/components/layout/ThemeProvider.tsx',
    '/home/fordez/workflowteams/aibot24-dashboard/src/components/ui/toaster.tsx',
    '/home/fordez/workflowteams/aibot24-dashboard/node_modules/@remix-run/react/dist/esm/routeModules.js',
    '/home/fordez/workflowteams/aibot24-dashboard/node_modules/@remix-run/react/dist/esm/data.js',
    '/home/fordez/workflowteams/aibot24-dashboard/node_modules/@remix-run/react/dist/esm/fallback.js',
    '/home/fordez/workflowteams/aibot24-dashboard/node_modules/turbo-stream/dist/turbo-stream.mjs',
    '/home/fordez/workflowteams/aibot24-dashboard/node_modules/@web3-storage/multipart-parser/esm/src/index.js',
    '/home/fordez/workflowteams/aibot24-dashboard/node_modules/@remix-run/server-runtime/dist/esm/warnings.js',
    '/home/fordez/workflowteams/aibot24-dashboard/node_modules/cookie/index.js',
    '/home/fordez/workflowteams/aibot24-dashboard/node_modules/@remix-run/server-runtime/dist/esm/errors.js',
    '/home/fordez/workflowteams/aibot24-dashboard/node_modules/@remix-run/server-runtime/dist/esm/headers.js',
    '/home/fordez/workflowteams/aibot24-dashboard/node_modules/@remix-run/server-runtime/dist/esm/mode.js',
    '/home/fordez/workflowteams/aibot24-dashboard/node_modules/@remix-run/server-runtime/dist/esm/actions.js',
    '/home/fordez/workflowteams/aibot24-dashboard/node_modules/@remix-run/server-runtime/dist/esm/entry.js',
    '/home/fordez/workflowteams/aibot24-dashboard/node_modules/@remix-run/server-runtime/dist/esm/invariant.js',
    '/home/fordez/workflowteams/aibot24-dashboard/node_modules/@remix-run/server-runtime/dist/esm/routeMatching.js',
    '/home/fordez/workflowteams/aibot24-dashboard/node_modules/@remix-run/server-runtime/dist/esm/routes.js',
    '/home/fordez/workflowteams/aibot24-dashboard/node_modules/@remix-run/server-runtime/dist/esm/serverHandoff.js',
    '/home/fordez/workflowteams/aibot24-dashboard/node_modules/@remix-run/server-runtime/dist/esm/deprecations.js',
    '/home/fordez/workflowteams/aibot24-dashboard/node_modules/scheduler/cjs/scheduler.production.js',
    '/home/fordez/workflowteams/aibot24-dashboard/node_modules/react-dom/cjs/react-dom.production.js',
    '/home/fordez/workflowteams/aibot24-dashboard/node_modules/lucide-react/dist/esm/icons/index.js',
    '/home/fordez/workflowteams/aibot24-dashboard/node_modules/lucide-react/dist/esm/icons/alarm-clock-check.js',
    '/home/fordez/workflowteams/aibot24-dashboard/node_modules/lucide-react/dist/esm/icons/alarm-clock-minus.js',
    ... 1707 more items
  ]
}
